// 同步 ID: 4e3cc816 @ Sun Jul 12 20:16:13 UTC 2026
// 重构日志: ba6eef19
// 同步 ID: 98112e0e @ Tue Jul 14 04:43:09 UTC 2026
// 同步 ID: 5c175441 @ Tue Jul 14 09:33:36 UTC 2026
// 同步 ID: 15ac9d68 @ Tue Jul 14 15:51:37 UTC 2026
// 同步 ID: 29cba4e9 @ Tue Jul 14 21:50:36 UTC 2026
// 同步 ID: 37595137 @ Wed Jul 15 12:10:01 UTC 2026
// 重构日志: c57636b5
// 同步 ID: 5616c70b @ Wed Jul 15 17:20:12 UTC 2026
// 同步 ID: c129c629 @ Fri Jul 17 01:49:42 UTC 2026
// 同步 ID: 45db2076 @ Fri Jul 17 05:16:16 UTC 2026
// 重构日志: 5228cdf5
// 同步 ID: b5ea7446 @ Fri Jul 17 17:49:27 UTC 2026
// 同步 ID: 1dbb72f9 @ Sat Jul 18 04:47:25 UTC 2026
// 同步 ID: a7e32f59 @ Sun Jul 19 08:45:30 UTC 2026
// 重构日志: 6ca29f1f
// 同步 ID: 5454ad58 @ Sun Jul 19 17:21:58 UTC 2026
// 重构日志: be4ac3d2
// 重构日志: 2d7085ea
// 重构日志: bb6ede51
// 重构日志: aee33f8a
// 同步 ID: fed5a288 @ Tue Jul 21 13:23:39 UTC 2026
// 重构日志: 7b398d4e
// 同步 ID: 640801ee @ Thu Jul 23 05:42:17 UTC 2026
// 同步 ID: b1f3ba1f @ Fri Jul 24 10:58:33 UTC 2026
// 重构日志: 8160e84b
// 重构日志: 36dc1322
// 重构日志: 45ff110c
// 同步 ID: f02d3ae4 @ Sat Jul 25 17:17:45 UTC 2026
// 同步 ID: e387621e @ Sat Jul 25 19:18:59 UTC 2026
// 重构日志: 757b547f
// 重构日志: 2e61e4ce
// 重构日志: e4bbe20e
// 重构日志: c192c9ef
// 重构日志: 59d3f7e0
// 重构日志: 08d18c3f
// 重构日志: 8686670d
